// Jest Snapshot v1, https://goo.gl/fbAQLP

exports[`Login should render the component 1`] = `
Object {
  "asFragment": [Function],
  "baseElement": <body>
    <div>
      <div
        class="MuiBox-root css-1lb6n3v"
      >
        <div
          class="MuiPaper-root MuiPaper-elevation MuiPaper-rounded MuiPaper-elevation1 css-1edzwbn-MuiPaper-root"
        >
          <div
            class="MuiBox-root css-xi606m"
          >
            <h1
              data-testid="login-heading"
            >
              Employee Polls
            </h1>
            <div
              class="login-image-container"
            >
              <img
                alt="login intro"
                class="login-image"
                src="intro.png"
              />
            </div>
          </div>
          <div
            class="MuiBox-root css-4oqe9z"
          >
            <h1
              data-testid="loginPage"
            >
              Log In
            </h1>
            <div
              class="MuiFormControl-root css-1kzk0u5-MuiFormControl-root"
            >
              <label
                data-testid="username"
                id="login-users"
              >
                User
              </label>
              <select
                data-testid="select-user"
                label="User"
                labelid="login-users"
              >
                <option
                  disabled=""
                  value=""
                >
                  Select User
                </option>
              </select>
              <button
                class="MuiButtonBase-root MuiButton-root MuiButton-outlined MuiButton-outlinedSecondary MuiButton-sizeMedium MuiButton-outlinedSizeMedium Mui-disabled MuiButton-root MuiButton-outlined MuiButton-outlinedSecondary MuiButton-sizeMedium MuiButton-outlinedSizeMedium loginBtn css-1tixegr-MuiButtonBase-root-MuiButton-root"
                data-testid="login"
                disabled=""
                name="login"
                tabindex="-1"
                type="submit"
              >
                Login
              </button>
            </div>
          </div>
        </div>
      </div>
    </div>
  </body>,
  "container": <div>
    <div
      class="MuiBox-root css-1lb6n3v"
    >
      <div
        class="MuiPaper-root MuiPaper-elevation MuiPaper-rounded MuiPaper-elevation1 css-1edzwbn-MuiPaper-root"
      >
        <div
          class="MuiBox-root css-xi606m"
        >
          <h1
            data-testid="login-heading"
          >
            Employee Polls
          </h1>
          <div
            class="login-image-container"
          >
            <img
              alt="login intro"
              class="login-image"
              src="intro.png"
            />
          </div>
        </div>
        <div
          class="MuiBox-root css-4oqe9z"
        >
          <h1
            data-testid="loginPage"
          >
            Log In
          </h1>
          <div
            class="MuiFormControl-root css-1kzk0u5-MuiFormControl-root"
          >
            <label
              data-testid="username"
              id="login-users"
            >
              User
            </label>
            <select
              data-testid="select-user"
              label="User"
              labelid="login-users"
            >
              <option
                disabled=""
                value=""
              >
                Select User
              </option>
            </select>
            <button
              class="MuiButtonBase-root MuiButton-root MuiButton-outlined MuiButton-outlinedSecondary MuiButton-sizeMedium MuiButton-outlinedSizeMedium Mui-disabled MuiButton-root MuiButton-outlined MuiButton-outlinedSecondary MuiButton-sizeMedium MuiButton-outlinedSizeMedium loginBtn css-1tixegr-MuiButtonBase-root-MuiButton-root"
              data-testid="login"
              disabled=""
              name="login"
              tabindex="-1"
              type="submit"
            >
              Login
            </button>
          </div>
        </div>
      </div>
    </div>
  </div>,
  "debug": [Function],
  "findAllByAltText": [Function],
  "findAllByDisplayValue": [Function],
  "findAllByLabelText": [Function],
  "findAllByPlaceholderText": [Function],
  "findAllByRole": [Function],
  "findAllByTestId": [Function],
  "findAllByText": [Function],
  "findAllByTitle": [Function],
  "findByAltText": [Function],
  "findByDisplayValue": [Function],
  "findByLabelText": [Function],
  "findByPlaceholderText": [Function],
  "findByRole": [Function],
  "findByTestId": [Function],
  "findByText": [Function],
  "findByTitle": [Function],
  "getAllByAltText": [Function],
  "getAllByDisplayValue": [Function],
  "getAllByLabelText": [Function],
  "getAllByPlaceholderText": [Function],
  "getAllByRole": [Function],
  "getAllByTestId": [Function],
  "getAllByText": [Function],
  "getAllByTitle": [Function],
  "getByAltText": [Function],
  "getByDisplayValue": [Function],
  "getByLabelText": [Function],
  "getByPlaceholderText": [Function],
  "getByRole": [Function],
  "getByTestId": [Function],
  "getByText": [Function],
  "getByTitle": [Function],
  "queryAllByAltText": [Function],
  "queryAllByDisplayValue": [Function],
  "queryAllByLabelText": [Function],
  "queryAllByPlaceholderText": [Function],
  "queryAllByRole": [Function],
  "queryAllByTestId": [Function],
  "queryAllByText": [Function],
  "queryAllByTitle": [Function],
  "queryByAltText": [Function],
  "queryByDisplayValue": [Function],
  "queryByLabelText": [Function],
  "queryByPlaceholderText": [Function],
  "queryByRole": [Function],
  "queryByTestId": [Function],
  "queryByText": [Function],
  "queryByTitle": [Function],
  "rerender": [Function],
  "unmount": [Function],
}
`;
